2026-04-09 22:52:05,573 [INFO] Loaded 1 baskets from data/baskets_tmp/
2026-04-09 22:52:05,574 [INFO] Starting experiments: 1 conditions × 1 seeds
2026-04-09 22:52:05,574 [INFO] Acts to run: 1
2026-04-09 22:52:05,574 [INFO] 
============================================================
2026-04-09 22:52:05,575 [INFO] CONDITION: baseline | SEED: 42
2026-04-09 22:52:05,576 [INFO] ============================================================
2026-04-09 22:52:05,576 [INFO] --- Act 1: Detection ---
2026-04-09 22:52:05,576 [INFO]   [1/1] Running B001_A1_HighGrowth_HighDebt_control...
2026-04-09 22:52:05,577 [INFO] [B001_A1_HighGrowth_HighDebt_control] Genesis phase...
2026-04-09 22:52:36,152 [INFO] [B001_A1_HighGrowth_HighDebt_control] Turn 1...
2026-04-09 22:53:08,918 [INFO] [B001_A1_HighGrowth_HighDebt_control] Turn 2...
2026-04-09 22:53:32,965 [INFO] [B001_A1_HighGrowth_HighDebt_control] Turn 3...
2026-04-09 22:53:57,852 [INFO] [B001_A1_HighGrowth_HighDebt_control] Turn 4...
2026-04-09 22:54:21,589 [WARNING] Agent agent_3_mistral-7b produced unparseable output: Expecting ',' delimiter: line 26 column 5 (char 1044)
Raw:  {
  "decisions": [
    {
      "company_name": "CloudNova Systems",
      "action": "BUY",
      "allocation": 45000,
      "reasoning": "Strong revenue growth, low debt-to-equity ratio, and positive news sentiment indicate a healthy financial position and growth potential."
    },
    {
      "company_name": "Crestline Energy Corp",
      "action": "HOLD",
      "allocation": 22500,
      "reasoning": "While the low P/E ratio suggests undervaluation, the high debt-to-equity ratio and neutral n
2026-04-09 22:54:21,589 [WARNING] Agent agent_3_mistral-7b respond retry 1/3
2026-04-09 22:54:27,742 [INFO]   [1/1] B001_A1_HighGrowth_HighDebt_control complete: 60 records saved
2026-04-09 22:54:27,743 [INFO] 
All experiments completed in 0:02:22.169756
